// Vitest Snapshot v1, https://vitest.dev/guide/snapshot.html

exports[`Test: KInput > props: attrs 1`] = `"<div class=\\"k-input k-input--base k-input--base__dark k-input--base__hover k-input--base__focus\\">  <input class=\\"k-input--inner k-input--inner__dark\\" placeholder=\\"\\" type=\\"number\\" strattr=\\"你干嘛,哎哟\\" numattr=\\"8\\" objattr=\\"[object Object]\\" arrattr=\\"i,kun\\"> </div>"`;

exports[`Test: KInput > props: cls 1`] = `"<div class=\\"k-input k-input--base k-input--base__dark k-input--base__hover k-input--base__focus ikun\\">  <input class=\\"k-input--inner k-input--inner__dark\\" placeholder=\\"\\"> </div>"`;

exports[`Test: KInput > props: disabled 1`] = `"<div class=\\"k-input k-input--base k-input--base__dark k-input--base__disabled k-input--base__disabled__dark k-input--base__hover k-input--base__focus\\">  <input class=\\"k-input--inner k-input--inner__dark k-input--base__disabled k-input--base__disabled__dark\\" disabled=\\"\\" placeholder=\\"\\"> </div>"`;

exports[`Test: KInput > props: iconPrefix 1`] = `"<div class=\\"k-input k-input--base k-input--base__dark k-input--base__hover k-input--base__focus\\"> <div role=\\"\\" aria-hidden=\\"true\\" class=\\"k-icon--base k-icon--base__dark  k-input--icon\\"><div class=\\"i-carbon-logo-svelte k-icon-transition \\" style=\\"width: 24px; height: 24px;\\"></div></div> <input class=\\"k-input--inner k-input--inner__dark\\" placeholder=\\"\\"> </div>"`;

exports[`Test: KInput > props: iconSuffix 1`] = `"<div class=\\"k-input k-input--base k-input--base__dark k-input--base__hover k-input--base__focus\\">  <input class=\\"k-input--inner k-input--inner__dark\\" placeholder=\\"\\"> <div role=\\"\\" aria-hidden=\\"true\\" class=\\"k-icon--base k-icon--base__dark  k-input--icon\\"><div class=\\"i-carbon-search k-icon-transition \\" style=\\"width: 24px; height: 24px;\\"></div></div></div>"`;

exports[`Test: KInput > props: placeholder 1`] = `"<div class=\\"k-input k-input--base k-input--base__dark k-input--base__hover k-input--base__focus\\">  <input class=\\"k-input--inner k-input--inner__dark\\" placeholder=\\"我见青山多妩媚，料青山见我应如是\\"> </div>"`;

exports[`Test: KInput > props: value 1`] = `"<div class=\\"k-input k-input--base k-input--base__dark k-input--base__hover k-input--base__focus\\">  <input class=\\"k-input--inner k-input--inner__dark\\" placeholder=\\"\\"> </div>"`;
