// Vitest Snapshot v1, https://vitest.dev/guide/snapshot.html

exports[`Test: KInput > props: attrs 1`] = `"<div class=\\"k-input k-input--md k-input__dark k-input__hover k-input__focus\\"> <input class=\\"k-input--inner k-input--inner__dark\\" placeholder=\\"\\" type=\\"number\\" strattr=\\"你干嘛,哎哟\\" numattr=\\"8\\" objattr=\\"[object Object]\\" arrattr=\\"i,kun\\">  </div>"`;

exports[`Test: KInput > props: cls 1`] = `"<div class=\\"k-input k-input--md k-input__dark k-input__hover k-input__focus ikun\\"> <input class=\\"k-input--inner k-input--inner__dark\\" placeholder=\\"\\">  </div>"`;

exports[`Test: KInput > props: disabled 1`] = `"<div class=\\"k-input k-input--md k-input__dark k-input__disabled k-input__disabled__dark k-input__hover k-input__focus\\"> <input class=\\"k-input--inner k-input--inner__dark k-input__disabled k-input__disabled__dark\\" disabled=\\"\\" placeholder=\\"\\">  </div>"`;

exports[`Test: KInput > props: iconPrefix 1`] = `"<div class=\\"k-input k-input--md k-input__dark k-input__hover k-input__focus\\"><span class=\\"k-icon--base k-icon--base__dark k-icon-transition i-carbon-logo-svelte k-input--icon k-input--icon--md k-input--prefix-icon\\" role=\\"\\" aria-hidden=\\"true\\" style=\\"width: 24px; height: 24px;\\"></span> <input class=\\"k-input--inner k-input--inner__dark\\" placeholder=\\"\\">  </div>"`;

exports[`Test: KInput > props: iconSuffix 1`] = `"<div class=\\"k-input k-input--md k-input__dark k-input__hover k-input__focus\\"> <input class=\\"k-input--inner k-input--inner__dark\\" placeholder=\\"\\"> <span class=\\"k-icon--base k-icon--base__dark k-icon-transition i-carbon-search k-input--icon k-input--icon--md k-input--suffix-icon\\" role=\\"\\" aria-hidden=\\"true\\" style=\\"width: 24px; height: 24px;\\"></span> </div>"`;

exports[`Test: KInput > props: input lg size 1`] = `"<div class=\\"k-input k-input--lg k-input__dark k-input__hover k-input__focus\\"><span class=\\"k-icon--base k-icon--base__dark k-icon-transition i-prefix k-input--icon k-input--icon--lg k-input--prefix-icon\\" role=\\"\\" aria-hidden=\\"true\\" style=\\"width: 24px; height: 24px;\\"></span> <input class=\\"k-input--inner k-input--inner__dark\\" placeholder=\\"\\"> <span class=\\"k-icon--base k-icon--base__dark k-icon-transition i-suffix k-input--icon k-input--icon--lg k-input--suffix-icon\\" role=\\"\\" aria-hidden=\\"true\\" style=\\"width: 24px; height: 24px;\\"></span> </div>"`;

exports[`Test: KInput > props: input md size 1`] = `"<div class=\\"k-input k-input--md k-input__dark k-input__hover k-input__focus\\"><span class=\\"k-icon--base k-icon--base__dark k-icon-transition i-prefix k-input--icon k-input--icon--md k-input--prefix-icon\\" role=\\"\\" aria-hidden=\\"true\\" style=\\"width: 24px; height: 24px;\\"></span> <input class=\\"k-input--inner k-input--inner__dark\\" placeholder=\\"\\"> <span class=\\"k-icon--base k-icon--base__dark k-icon-transition i-suffix k-input--icon k-input--icon--md k-input--suffix-icon\\" role=\\"\\" aria-hidden=\\"true\\" style=\\"width: 24px; height: 24px;\\"></span> </div>"`;

exports[`Test: KInput > props: input sm size 1`] = `"<div class=\\"k-input k-input--sm k-input__dark k-input__hover k-input__focus\\"><span class=\\"k-icon--base k-icon--base__dark k-icon-transition i-prefix k-input--icon k-input--icon--sm k-input--prefix-icon\\" role=\\"\\" aria-hidden=\\"true\\" style=\\"width: 24px; height: 24px;\\"></span> <input class=\\"k-input--inner k-input--inner__dark\\" placeholder=\\"\\"> <span class=\\"k-icon--base k-icon--base__dark k-icon-transition i-suffix k-input--icon k-input--icon--sm k-input--suffix-icon\\" role=\\"\\" aria-hidden=\\"true\\" style=\\"width: 24px; height: 24px;\\"></span> </div>"`;

exports[`Test: KInput > props: placeholder 1`] = `"<div class=\\"k-input k-input--md k-input__dark k-input__hover k-input__focus\\"> <input class=\\"k-input--inner k-input--inner__dark\\" placeholder=\\"我见青山多妩媚，料青山见我应如是\\">  </div>"`;

exports[`Test: KInput > props: value 1`] = `"<div class=\\"k-input k-input--md k-input__dark k-input__hover k-input__focus\\"> <input class=\\"k-input--inner k-input--inner__dark\\" placeholder=\\"\\">  </div>"`;
