// Vitest Snapshot v1, https://vitest.dev/guide/snapshot.html

exports[`Test: KAlert > props: closable is false 1`] = `"<div class=\\"k-alert k-alert--info\\"> <div class=\\"k-alert--content\\"> </div> </div>"`;

exports[`Test: KAlert > props: closable is true 1`] = `"<div class=\\"k-alert k-alert--info\\"> <div class=\\"k-alert--content\\"> </div> <div class=\\"k-alert--close k-alert--close__icon-color k-alert--close__no-title k-alert--info__close-icon\\" aria-hidden=\\"true\\"><div role=\\"\\" aria-hidden=\\"true\\" class=\\"k-icon--base k-icon--base__dark  inline-flex\\"><div class=\\"i-carbon-close k-icon-transition \\" style=\\"width: 16px; height: 16px;\\"></div></div></div></div>"`;

exports[`Test: KAlert > props: closeIcon 1`] = `"<div class=\\"k-alert k-alert--info\\"> <div class=\\"k-alert--content\\"> </div> <div class=\\"k-alert--close k-alert--close__icon-color k-alert--close__no-title k-alert--info__close-icon\\" aria-hidden=\\"true\\"><div role=\\"\\" aria-hidden=\\"true\\" class=\\"k-icon--base k-icon--base__dark  inline-flex\\"><div class=\\"i-carbon-settings k-icon-transition \\" style=\\"width: 16px; height: 16px;\\"></div></div></div></div>"`;

exports[`Test: KAlert > props: cls 1`] = `"<div class=\\"k-alert k-alert--info k-alert--test\\"> <div class=\\"k-alert--content\\"> </div> <div class=\\"k-alert--close k-alert--close__icon-color k-alert--close__no-title k-alert--info__close-icon\\" aria-hidden=\\"true\\"><div role=\\"\\" aria-hidden=\\"true\\" class=\\"k-icon--base k-icon--base__dark  inline-flex\\"><div class=\\"i-carbon-close k-icon-transition \\" style=\\"width: 16px; height: 16px;\\"></div></div></div></div>"`;

exports[`Test: KAlert > props: description 1`] = `"<div class=\\"k-alert k-alert--info\\"> <div class=\\"k-alert--content\\"> <div class=\\"k-alert--description k-alert--description__no-title\\">this is description</div></div> <div class=\\"k-alert--close k-alert--close__icon-color k-alert--close__no-title k-alert--info__close-icon\\" aria-hidden=\\"true\\"><div role=\\"\\" aria-hidden=\\"true\\" class=\\"k-icon--base k-icon--base__dark  inline-flex\\"><div class=\\"i-carbon-close k-icon-transition \\" style=\\"width: 16px; height: 16px;\\"></div></div></div></div>"`;

exports[`Test: KAlert > props: icon 1`] = `"<div class=\\"k-alert k-alert--info\\"><div class=\\"k-alert--icon\\"><div role=\\"\\" aria-hidden=\\"true\\" class=\\"k-icon--base k-icon--base__dark  \\"><div class=\\"i-carbon-settings k-icon-transition k-alert--info__icon-color\\" style=\\"width: 18px; height: 18px;\\"></div></div></div> <div class=\\"k-alert--content\\"> </div> <div class=\\"k-alert--close k-alert--close__icon-color k-alert--close__no-title k-alert--info__close-icon\\" aria-hidden=\\"true\\"><div role=\\"\\" aria-hidden=\\"true\\" class=\\"k-icon--base k-icon--base__dark  inline-flex\\"><div class=\\"i-carbon-close k-icon-transition \\" style=\\"width: 16px; height: 16px;\\"></div></div></div></div>"`;

exports[`Test: KAlert > props: showIcon is false 1`] = `"<div class=\\"k-alert k-alert--info\\"> <div class=\\"k-alert--content\\"> </div> <div class=\\"k-alert--close k-alert--close__icon-color k-alert--close__no-title k-alert--info__close-icon\\" aria-hidden=\\"true\\"><div role=\\"\\" aria-hidden=\\"true\\" class=\\"k-icon--base k-icon--base__dark  inline-flex\\"><div class=\\"i-carbon-close k-icon-transition \\" style=\\"width: 16px; height: 16px;\\"></div></div></div></div>"`;

exports[`Test: KAlert > props: showIcon is true 1`] = `"<div class=\\"k-alert k-alert--info\\"><div class=\\"k-alert--icon\\"><div role=\\"\\" aria-hidden=\\"true\\" class=\\"k-icon--base k-icon--base__dark  \\"><div class=\\"k-alert--info__icon k-icon-transition k-alert--info__icon-color\\" style=\\"width: 18px; height: 18px;\\"></div></div></div> <div class=\\"k-alert--content\\"> </div> <div class=\\"k-alert--close k-alert--close__icon-color k-alert--close__no-title k-alert--info__close-icon\\" aria-hidden=\\"true\\"><div role=\\"\\" aria-hidden=\\"true\\" class=\\"k-icon--base k-icon--base__dark  inline-flex\\"><div class=\\"i-carbon-close k-icon-transition \\" style=\\"width: 16px; height: 16px;\\"></div></div></div></div>"`;

exports[`Test: KAlert > props: title 1`] = `"<div class=\\"k-alert k-alert--info\\"> <div class=\\"k-alert--content\\"><span class=\\"k-alert--title\\">this is title</span> </div> <div class=\\"k-alert--close k-alert--close__icon-color k-alert--info__close-icon\\" aria-hidden=\\"true\\"><div role=\\"\\" aria-hidden=\\"true\\" class=\\"k-icon--base k-icon--base__dark  inline-flex\\"><div class=\\"i-carbon-close k-icon-transition \\" style=\\"width: 16px; height: 16px;\\"></div></div></div></div>"`;

exports[`Test: KAlert > props: type 1`] = `"<div class=\\"k-alert k-alert--success\\"> <div class=\\"k-alert--content\\"> </div> <div class=\\"k-alert--close k-alert--close__icon-color k-alert--close__no-title k-alert--success__close-icon\\" aria-hidden=\\"true\\"><div role=\\"\\" aria-hidden=\\"true\\" class=\\"k-icon--base k-icon--base__dark  inline-flex\\"><div class=\\"i-carbon-close k-icon-transition \\" style=\\"width: 16px; height: 16px;\\"></div></div></div></div>"`;

exports[`Test: KAlert > props: type 2`] = `"<div class=\\"k-alert k-alert--error\\"> <div class=\\"k-alert--content\\"> </div> <div class=\\"k-alert--close k-alert--close__icon-color k-alert--close__no-title k-alert--error__close-icon\\" aria-hidden=\\"true\\"><div role=\\"\\" aria-hidden=\\"true\\" class=\\"k-icon--base k-icon--base__dark  inline-flex\\"><div class=\\"i-carbon-close k-icon-transition \\" style=\\"width: 16px; height: 16px;\\"></div></div></div></div>"`;

exports[`Test: KAlert > props: type 3`] = `"<div class=\\"k-alert k-alert--warning\\"> <div class=\\"k-alert--content\\"> </div> <div class=\\"k-alert--close k-alert--close__icon-color k-alert--close__no-title k-alert--warning__close-icon\\" aria-hidden=\\"true\\"><div role=\\"\\" aria-hidden=\\"true\\" class=\\"k-icon--base k-icon--base__dark  inline-flex\\"><div class=\\"i-carbon-close k-icon-transition \\" style=\\"width: 16px; height: 16px;\\"></div></div></div></div>"`;

exports[`Test: KAlert > props: type 4`] = `"<div class=\\"k-alert k-alert--info\\"> <div class=\\"k-alert--content\\"> </div> <div class=\\"k-alert--close k-alert--close__icon-color k-alert--close__no-title k-alert--info__close-icon\\" aria-hidden=\\"true\\"><div role=\\"\\" aria-hidden=\\"true\\" class=\\"k-icon--base k-icon--base__dark  inline-flex\\"><div class=\\"i-carbon-close k-icon-transition \\" style=\\"width: 16px; height: 16px;\\"></div></div></div></div>"`;

exports[`Test: KAlert > slots: closeIcon 1`] = `"<div class=\\"k-alert k-alert--info\\"> <div class=\\"k-alert--content\\"> </div> <div class=\\"k-alert--close k-alert--close__icon-color k-alert--close__no-title\\" aria-hidden=\\"true\\"><span slot=\\"close\\" id=\\"alert-close\\">this is close slot</span></div></div>"`;

exports[`Test: KAlert > slots: description => default 1`] = `"<div class=\\"k-alert k-alert--info\\"> <div class=\\"k-alert--content\\"> <div class=\\"k-alert--description k-alert--description__no-title\\"><span id=\\"alert-description\\">this is description slot</span></div></div> <div class=\\"k-alert--close k-alert--close__icon-color k-alert--close__no-title k-alert--info__close-icon\\" aria-hidden=\\"true\\"><div role=\\"\\" aria-hidden=\\"true\\" class=\\"k-icon--base k-icon--base__dark  inline-flex\\"><div class=\\"i-carbon-close k-icon-transition \\" style=\\"width: 16px; height: 16px;\\"></div></div></div></div>"`;

exports[`Test: KAlert > slots: icon 1`] = `"<div class=\\"k-alert k-alert--info\\"><div class=\\"k-alert--icon\\"><span slot=\\"icon\\" id=\\"alert-icon\\">this is icon slot</span></div> <div class=\\"k-alert--content\\"> </div> <div class=\\"k-alert--close k-alert--close__icon-color k-alert--close__no-title k-alert--info__close-icon\\" aria-hidden=\\"true\\"><div role=\\"\\" aria-hidden=\\"true\\" class=\\"k-icon--base k-icon--base__dark  inline-flex\\"><div class=\\"i-carbon-close k-icon-transition \\" style=\\"width: 16px; height: 16px;\\"></div></div></div></div>"`;

exports[`Test: KAlert > slots: title 1`] = `"<div class=\\"k-alert k-alert--info\\"> <div class=\\"k-alert--content\\"><span class=\\"k-alert--title\\"><span slot=\\"title\\" id=\\"alert-title\\">this is title slot</span></span> </div> <div class=\\"k-alert--close k-alert--close__icon-color k-alert--info__close-icon\\" aria-hidden=\\"true\\"><div role=\\"\\" aria-hidden=\\"true\\" class=\\"k-icon--base k-icon--base__dark  inline-flex\\"><div class=\\"i-carbon-close k-icon-transition \\" style=\\"width: 16px; height: 16px;\\"></div></div></div></div>"`;
