// Vitest Snapshot v1, https://vitest.dev/guide/snapshot.html

exports[`Test: KForm > api: KForm clearValidateField 1`] = `
{
  "data": {
    "KInput": "KInput",
  },
  "invalidFields": [
    {
      "field": "KInput",
      "fieldValue": "KInput",
      "message": "KInput 3 ~5",
    },
  ],
  "isValid": false,
}
`;

exports[`Test: KForm > api: KForm clearValidateField 2`] = `
{
  "data": {
    "KInput": "KInput",
  },
  "invalidFields": [
    {
      "field": "KInput",
      "fieldValue": "KInput",
      "message": "KInput 3 ~5",
    },
  ],
  "isValid": false,
}
`;

exports[`Test: KForm > api: KForm clearValidateField 3`] = `
{
  "data": {
    "KInput": "KInput",
  },
  "invalidFields": [
    {
      "field": "KInput",
      "fieldValue": "KInput",
      "message": "KInput 3 ~5",
    },
  ],
  "isValid": false,
}
`;

exports[`Test: KForm > api: KForm validateForm > {"data":{"KInput":"KInput","KSwitch":true,"KRate":null,"KRadio":"","KCheckbox":[],"KSelect":null,"KSelectString":""},"isValid":false,"invalidFields":[{"message":"KInput 3 ~5","fieldValue":"KInput","field":"KInput"},{"message":"KRate error","fieldValue":null,"field":"KRate"},{"message":"KRadio error","fieldValue":"","field":"KRadio"},{"message":"KRadio error","fieldValue":[],"field":"KCheckbox"},{"message":"KSelect error","fieldValue":null,"field":"KSelect"},{"message":"KSelectString custom error","fieldValue":"","field":"KSelectString"}]} 1`] = `
{
  "data": {
    "KCheckbox": [],
    "KInput": "KInput",
    "KRadio": "",
    "KRate": null,
    "KSelect": null,
    "KSelectString": "",
    "KSwitch": true,
  },
  "invalidFields": [
    {
      "field": "KInput",
      "fieldValue": "KInput",
      "message": "KInput 3 ~5",
    },
    {
      "field": "KRate",
      "fieldValue": null,
      "message": "KRate error",
    },
    {
      "field": "KRadio",
      "fieldValue": "",
      "message": "KRadio error",
    },
    {
      "field": "KCheckbox",
      "fieldValue": [],
      "message": "KRadio error",
    },
    {
      "field": "KSelect",
      "fieldValue": null,
      "message": "KSelect error",
    },
    {
      "field": "KSelectString",
      "fieldValue": "",
      "message": "KSelectString custom error",
    },
  ],
  "isValid": false,
}
`;

exports[`Test: KForm > events: KForm validate & api setField 1`] = `
CustomEvent {
  "isTrusted": false,
}
`;

exports[`Test: KForm > events: KForm validate & api validateField 1`] = `
CustomEvent {
  "isTrusted": false,
}
`;

exports[`Test: KForm > events: KForm validate & input interaction 1`] = `
CustomEvent {
  "isTrusted": false,
}
`;

exports[`Test: KForm > events: KForm validate & input interaction 2`] = `
CustomEvent {
  "isTrusted": false,
}
`;

exports[`Test: KForm > events: KForm validate & input interaction 3`] = `
CustomEvent {
  "isTrusted": false,
}
`;

exports[`Test: KForm > events: KForm validate & input interaction 4`] = `
CustomEvent {
  "isTrusted": false,
}
`;

exports[`Test: KForm > events: KForm validate & input interaction 5`] = `
CustomEvent {
  "isTrusted": false,
}
`;

exports[`Test: KForm > props: KForm labelWidth 1`] = `"<form class=\\"k-form\\"><div class=\\"k-form-item k-form-item__horizontal\\"><label class=\\"k-form-item-label k-form-item-label__ml k-form-item-label__dark k-form-item-label__right k-form-item-label__horizontal k-form-item-label__md\\" style=\\"min-width: 80px; width: 100px;\\"> KInput</label> <div class=\\"k-form-item-content\\"><div class=\\"k-input\\"> <div class=\\"k-input--base k-input__md k-input__dark k-input__hover k-input__focus k-input__rounded\\"> <input class=\\"k-input--inner k-input--inner__dark\\" type=\\"text\\" placeholder=\\"Please input value\\">    </div> </div>  </div></div></form> <button></button>"`;

exports[`Test: KForm > props: KFormItem label 1`] = `"<form class=\\"k-form\\"><div class=\\"k-form-item k-form-item__horizontal\\"><label class=\\"k-form-item-label k-form-item-label__ml k-form-item-label__dark k-form-item-label__right k-form-item-label__horizontal k-form-item-label__md\\" style=\\"min-width: 80px; width: 120px;\\"><span class=\\"k-form-item-star\\">*</span> KInput-Label</label> <div class=\\"k-form-item-content\\"><div class=\\"k-input\\"> <div class=\\"k-input--base k-input__md k-input__dark k-input__hover k-input__focus k-input__rounded\\"> <input class=\\"k-input--inner k-input--inner__dark\\" type=\\"text\\" placeholder=\\"Please input value\\">    </div> </div>  </div></div></form> <button id=\\"validate\\">validate</button>"`;

exports[`Test: KForm > slots: KFormItem error 1`] = `"<form class=\\"k-form\\"><div class=\\"k-form-item k-form-item__horizontal\\"><label class=\\"k-form-item-label k-form-item-label__ml k-form-item-label__dark k-form-item-label__right k-form-item-label__horizontal k-form-item-label__md\\" style=\\"min-width: 80px; width: 120px;\\"><span class=\\"k-form-item-star\\">*</span> KInput-Label</label> <div class=\\"k-form-item-content\\"><div class=\\"k-input\\"> <div class=\\"k-input--base k-input__md k-input__dark k-input__error k-input__rounded\\"> <input class=\\"k-input--inner k-input--inner__dark\\" type=\\"text\\" placeholder=\\"Please input value\\">    </div> </div>  <div class=\\"k-form-item-msg_error\\" style=\\"animation: __svelte_4265771108_0 300ms linear 0ms 1 both;\\"><div slot=\\"error\\">Error-Slot</div></div></div></div></form> <button id=\\"validate\\">validate</button>"`;

exports[`Test: KForm > slots: KFormItem label 1`] = `"<form class=\\"k-form\\"><div class=\\"k-form-item k-form-item__horizontal\\"><label class=\\"k-form-item-label k-form-item-label__ml k-form-item-label__dark k-form-item-label__right k-form-item-label__horizontal k-form-item-label__md\\" style=\\"min-width: 80px; width: 120px;\\"><span class=\\"k-form-item-star\\">*</span> <div slot=\\"label\\">KInput-Slot</div></label> <div class=\\"k-form-item-content\\"><div class=\\"k-input\\"> <div class=\\"k-input--base k-input__md k-input__dark k-input__hover k-input__focus k-input__rounded\\"> <input class=\\"k-input--inner k-input--inner__dark\\" type=\\"text\\" placeholder=\\"Please input value\\">    </div> </div>  </div></div></form> <button id=\\"validate\\">validate</button>"`;
