// Vitest Snapshot v1, https://vitest.dev/guide/snapshot.html

exports[`Test: KCollapse > props: content 1`] = `"<div class=\\"k-collapse--base k-collapse--base__dark \\"><div class=\\"k-collapse--title k-collapse--title__dark\\" aria-hidden=\\"true\\"> <div role=\\"\\" aria-hidden=\\"true\\" class=\\"k-icon--base k-icon--base__dark  \\"><div class=\\"i-carbon-chevron-right rotate-90 k-icon-transition \\" style=\\"width: 24px; height: 24px;\\"></div></div></div> <div class=\\"k-collapse--content\\"><div class=\\"k-collapse--line\\"></div> foo</div></div>"`;

exports[`Test: KCollapse > props: show 1`] = `"<div class=\\"k-collapse--base k-collapse--base__dark \\"><div class=\\"k-collapse--title k-collapse--title__dark\\" aria-hidden=\\"true\\"> <div role=\\"\\" aria-hidden=\\"true\\" class=\\"k-icon--base k-icon--base__dark  \\"><div class=\\"i-carbon-chevron-right rotate-90 k-icon-transition \\" style=\\"width: 24px; height: 24px;\\"></div></div></div> <div class=\\"k-collapse--content\\" style=\\"animation: __svelte_516695038_0 300ms linear 0ms 1 both;\\"><div class=\\"k-collapse--line\\"></div> foo</div></div>"`;

exports[`Test: KCollapse > props: title 1`] = `"<div class=\\"k-collapse--base k-collapse--base__dark \\"><div class=\\"k-collapse--title k-collapse--title__dark\\" aria-hidden=\\"true\\">title-content <div role=\\"\\" aria-hidden=\\"true\\" class=\\"k-icon--base k-icon--base__dark  \\"><div class=\\"i-carbon-chevron-right  k-icon-transition \\" style=\\"width: 24px; height: 24px;\\"></div></div></div> </div>"`;

exports[`Test: KCollapse > slot: content 1`] = `"<div class=\\"k-collapse--base k-collapse--base__dark \\"><div class=\\"k-collapse--title k-collapse--title__dark\\" aria-hidden=\\"true\\"> <div role=\\"\\" aria-hidden=\\"true\\" class=\\"k-icon--base k-icon--base__dark  \\"><div class=\\"i-carbon-chevron-right rotate-90 k-icon-transition \\" style=\\"width: 24px; height: 24px;\\"></div></div></div> <div class=\\"k-collapse--content\\"><div class=\\"k-collapse--line\\"></div> <div slot=\\"content\\" class=\\"flex\\"><div id=\\"custom_content\\">🍞 Bread! Bread! We want to bread!</div></div></div></div>"`;

exports[`Test: KCollapse > slot: title 1`] = `"<div class=\\"k-collapse--base k-collapse--base__dark \\"><div class=\\"k-collapse--title k-collapse--title__dark\\" aria-hidden=\\"true\\"><div slot=\\"title\\" class=\\"flex\\"><div id=\\"custom_title\\">🍓 Germinal</div></div> <div role=\\"\\" aria-hidden=\\"true\\" class=\\"k-icon--base k-icon--base__dark  \\"><div class=\\"i-carbon-chevron-right  k-icon-transition \\" style=\\"width: 24px; height: 24px;\\"></div></div></div> </div>"`;
