// Vitest Snapshot v1, https://vitest.dev/guide/snapshot.html

exports[`Test: KCollapse > props: content 1`] = `"<div class="k-collapse--base"><div class="k-collapse--title k-collapse--title__dark"> <span class="k-icon--base k-icon--base__dark k-icon-transition i-carbon-chevron-right rotate-90" role="" style="width: 24px; height: 24px;"></span></div> <div class="" style="opacity: 0;"><div class="k-collapse--line"></div> foo</div></div>"`;

exports[`Test: KCollapse > props: show 1`] = `"<div class="k-collapse--base"><div class="k-collapse--title k-collapse--title__dark"> <span class="k-icon--base k-icon--base__dark k-icon-transition i-carbon-chevron-right rotate-90" role="" style="width: 24px; height: 24px;"></span></div> <div class="" style="opacity: 0; animation: __svelte_2259128677_0 300ms linear 0ms 1 both;"><div class="k-collapse--line"></div> foo</div></div>"`;

exports[`Test: KCollapse > props: showClose 1`] = `"<div class="k-collapse--base"><div class="k-collapse--title k-collapse--title__dark">title-content </div> </div>"`;

exports[`Test: KCollapse > props: title 1`] = `"<div class="k-collapse--base"><div class="k-collapse--title k-collapse--title__dark">title-content <span class="k-icon--base k-icon--base__dark k-icon-transition i-carbon-chevron-right" role="" style="width: 24px; height: 24px;"></span></div> </div>"`;

exports[`Test: KCollapse > slot: closeIcon 1`] = `"<div class="k-collapse--base"><div class="k-collapse--title k-collapse--title__dark"> <div slot="closeIcon" class="flex"><div>🍓 closeIcon</div></div></div> </div>"`;

exports[`Test: KCollapse > slot: content 1`] = `"<div class="k-collapse--base"><div class="k-collapse--title k-collapse--title__dark"> <span class="k-icon--base k-icon--base__dark k-icon-transition i-carbon-chevron-right rotate-90" role="" style="width: 24px; height: 24px;"></span></div> <div class="" style="opacity: 0;"><div class="k-collapse--line"></div> <div slot="content" class="flex"><div id="custom_content">🍞 Bread! Bread! We want to bread!</div></div></div></div>"`;

exports[`Test: KCollapse > slot: title 1`] = `"<div class="k-collapse--base"><div class="k-collapse--title k-collapse--title__dark"><div slot="title" class="flex"><div id="custom_title">🍓 Germinal</div></div> <span class="k-icon--base k-icon--base__dark k-icon-transition i-carbon-chevron-right" role="" style="width: 24px; height: 24px;"></span></div> </div>"`;
