// Vitest Snapshot v1, https://vitest.dev/guide/snapshot.html

exports[`Test: KSlider > props: attrs 1`] = `"<div class=\\"w-full flex\\"><div you=\\"world\\" class=\\"k-slider--base\\"><div class=\\"k-slider--runway\\" aria-hidden=\\"true\\"><div class=\\"k-slider--bar\\" style=\\"width: 0%; left: 0%;\\"></div> <div class=\\"k-slider--button-wrapper\\" aria-hidden=\\"true\\" style=\\"left: 0%;\\"><div class=\\"k-slider--button\\"></div></div></div></div></div>"`;

exports[`Test: KSlider > props: cls 1`] = `"<div class=\\"w-full flex\\"><div class=\\"k-slider--base 窈窕淑女，君子好逑\\"><div class=\\"k-slider--runway\\" aria-hidden=\\"true\\"><div class=\\"k-slider--bar\\" style=\\"width: 0%; left: 0%;\\"></div> <div class=\\"k-slider--button-wrapper\\" aria-hidden=\\"true\\" style=\\"left: 0%;\\"><div class=\\"k-slider--button\\"></div></div></div></div></div>"`;

exports[`Test: KSlider > props: disabled 1`] = `"<div class=\\"w-full flex\\"><div class=\\"k-slider--base\\"><div class=\\"k-slider--runway\\" aria-hidden=\\"true\\"><div class=\\"k-slider--bar\\" style=\\"width: 0%; left: 0%;\\"></div> <div class=\\"k-slider--button-wrapper\\" aria-hidden=\\"true\\" style=\\"left: 0%;\\"><div class=\\"k-slider--button\\"></div></div></div></div></div>"`;

exports[`Test: KSlider > props: min and max 1`] = `"<div class=\\"w-full flex\\"><div class=\\"k-slider--base\\"><div class=\\"k-slider--runway\\" aria-hidden=\\"true\\"><div class=\\"k-slider--bar\\" style=\\"width: 100%; left: 0%;\\"></div> <div class=\\"k-slider--button-wrapper\\" aria-hidden=\\"true\\" style=\\"left: 100%;\\"><div class=\\"k-slider--button\\"></div></div></div></div></div>"`;

exports[`Test: KSlider > props: value 1`] = `"<div class=\\"w-full flex\\"><div class=\\"k-slider--base\\"><div class=\\"k-slider--runway\\" aria-hidden=\\"true\\"><div class=\\"k-slider--bar\\" style=\\"width: 10%; left: 0%;\\"></div> <div class=\\"k-slider--button-wrapper\\" aria-hidden=\\"true\\" style=\\"left: 10%;\\"><div class=\\"k-slider--button\\"></div></div></div></div></div>"`;
