// Vitest Snapshot v1, https://vitest.dev/guide/snapshot.html

exports[`Test: KSlider > props: attrs 1`] = `"<div class="k-slider k-slider--base k-slider--md" you="world"><div class="k-slider--runway--md k-slider--runway" aria-hidden="true"><div class="k-slider--button-wrapper" aria-hidden="true" style="left: 0%"><div class="k-slider--button k-slider--button--md"></div></div> <div class="k-slider--bar" style="width: 0%; left: 0%"></div></div></div>"`;

exports[`Test: KSlider > props: cls 1`] = `"<div class="k-slider k-slider--base k-slider--md 窈窕淑女，君子好逑"><div class="k-slider--runway--md k-slider--runway" aria-hidden="true"><div class="k-slider--button-wrapper" aria-hidden="true" style="left: 0%"><div class="k-slider--button k-slider--button--md"></div></div> <div class="k-slider--bar" style="width: 0%; left: 0%"></div></div></div>"`;

exports[`Test: KSlider > props: disabled 1`] = `"<div class="k-slider k-slider--base k-slider--md"><div class="k-slider--runway--md k-slider--runway" aria-hidden="true"><div class="k-slider--button-wrapper" aria-hidden="true" style="left: 0%"><div class="k-slider--button k-slider--button--md"></div></div> <div class="k-slider--bar" style="width: 0%; left: 0%"></div></div></div>"`;

exports[`Test: KSlider > props: min and max 1`] = `"<div class="k-slider k-slider--base k-slider--md"><div class="k-slider--runway--md k-slider--runway" aria-hidden="true"><div class="k-slider--button-wrapper" aria-hidden="true" style="left: 100%"><div class="k-slider--button k-slider--button--md"></div></div> <div class="k-slider--bar" style="width: 100%; left: 0%"></div></div></div>"`;

exports[`Test: KSlider > props: size 1`] = `"<div class="k-slider k-slider--base k-slider--lg"><div class="k-slider--runway--lg k-slider--runway" aria-hidden="true"><div class="k-slider--button-wrapper" aria-hidden="true" style="left: 0%"><div class="k-slider--button k-slider--button--lg"></div></div> <div class="k-slider--bar" style="width: 0%; left: 0%"></div></div></div>"`;

exports[`Test: KSlider > props: value 1`] = `"<div class="k-slider k-slider--base k-slider--md"><div class="k-slider--runway--md k-slider--runway" aria-hidden="true"><div class="k-slider--button-wrapper" aria-hidden="true" style="left: 10%"><div class="k-slider--button k-slider--button--md"></div></div> <div class="k-slider--bar" style="width: 10%; left: 0%"></div></div></div>"`;

exports[`Test: KSlider > props: vertical 1`] = `"<div class="k-slider k-slider--base__vertical k-slider--md__vertical"><div class="k-slider--runway--md__vertical k-slider--runway__vertical" aria-hidden="true"><div class="k-slider--button-wrapper__vertical" aria-hidden="true" style="bottom: 0%"><div class="k-slider--button k-slider--button--md"></div></div> <div class="k-slider--bar__vertical" style="height: 0%; bottom: 0%"></div></div></div>"`;
