// Vitest Snapshot v1, https://vitest.dev/guide/snapshot.html

exports[`Test: KPopover > events: change 1`] = `"<div aria-hidden="true" class="flex svelte-13arsd0" data-popover-trigger=""><div slot="triggerEl" cls="mx-2">top</div></div> <div class="k-popover--base k-popover--base__bottom k-popover--base__bottom__dark k-popover--base__dark svelte-13arsd0" data-popper-placement="bottom" aria-hidden="true" style="position: fixed; left: 0px; top: 8px; margin: 0px; animation: __svelte_3896445108_0 200ms linear 0ms 1 both, __svelte_1936640108_0 200ms linear 0ms 1 both;" data-popper-reference-hidden="" data-popper-escaped=""><div slot="contentEl" class="flex flex-col"><p class="!my-2">有美一人，清扬婉兮</p></div> <div k-popover-arrow="true" data-popper-arrow-bottom="" data-popper-arrow-top="" data-popper-arrow-right="" data-popper-arrow-left="" class="svelte-13arsd0"></div></div>"`;

exports[`Test: KPopover > props: arrow 1`] = `"<div aria-hidden="true" class="flex svelte-13arsd0" data-popover-trigger=""><div slot="triggerEl" cls="mx-2">top</div></div> <div class="k-popover--base k-popover--base__bottom k-popover--base__bottom__dark k-popover--base__dark svelte-13arsd0" data-popper-placement="" aria-hidden="true" style="position: fixed; left: 0px; top: 0px; margin: 0px; animation: __svelte_3896445108_0 200ms linear 0ms 1 both;"><div slot="contentEl" class="flex flex-col"><p class="!my-2">有美一人，清扬婉兮</p></div> </div>"`;

exports[`Test: KPopover > props: disabled 1`] = `"<div aria-hidden="true" class="flex svelte-13arsd0" data-popover-trigger=""><div slot="triggerEl" cls="mx-2">top</div></div> "`;

exports[`Test: KPopover > props: placement 1`] = `"<div aria-hidden="true" class="flex svelte-13arsd0" data-popover-trigger=""><div slot="triggerEl" cls="mx-2">top</div></div> <div class="k-popover--base k-popover--base__bottom k-popover--base__bottom__dark k-popover--base__dark svelte-13arsd0" data-popper-placement="" aria-hidden="true" style="position: fixed; left: 0px; top: 0px; margin: 0px; animation: __svelte_3896445108_0 200ms linear 0ms 1 both;"><div slot="contentEl" class="flex flex-col"><p class="!my-2">有美一人，清扬婉兮</p></div> <div k-popover-arrow="true" data-popper-arrow-bottom="" data-popper-arrow-top="" data-popper-arrow-right="" data-popper-arrow-left="" class="svelte-13arsd0"></div></div>"`;

exports[`Test: KPopover > props: trigger 1`] = `"<div aria-hidden="true" class="flex svelte-13arsd0" data-popover-trigger=""><div slot="triggerEl" cls="mx-2">top</div></div> <div class="k-popover--base k-popover--base__top k-popover--base__top__dark k-popover--base__dark svelte-13arsd0" data-popper-placement="" aria-hidden="true" style="position: fixed; left: 0px; top: 0px; margin: 0px; animation: __svelte_3896445108_0 200ms linear 0ms 1 both;"><div slot="contentEl" class="flex flex-col"><p class="!my-2">有美一人，清扬婉兮</p></div> <div k-popover-arrow="true" data-popper-arrow-bottom="" data-popper-arrow-top="" data-popper-arrow-right="" data-popper-arrow-left="" class="svelte-13arsd0"></div></div>"`;

exports[`Test: KPopover > slots: triggerEl & contentEl 1`] = `"<div aria-hidden="true" class="flex svelte-13arsd0" data-popover-trigger=""><div slot="triggerEl" cls="mx-2">triggerEl</div></div> <div class="k-popover--base k-popover--base__top k-popover--base__top__dark k-popover--base__dark svelte-13arsd0" data-popper-placement="" aria-hidden="true" style="position: fixed; left: 0px; top: 0px; margin: 0px; animation: __svelte_3896445108_0 200ms linear 0ms 1 both;"><div slot="contentEl" class="flex flex-col"><p class="!my-2">contentEl</p></div> <div k-popover-arrow="true" data-popper-arrow-bottom="" data-popper-arrow-top="" data-popper-arrow-right="" data-popper-arrow-left="" class="svelte-13arsd0"></div></div>"`;
