// Vitest Snapshot v1, https://vitest.dev/guide/snapshot.html

exports[`Test: KTag > props: type 1`] = `"<button class="k-tag k-tag--base k-tag--primary" style="">  </button><button class="k-tag k-tag--base k-tag--info" style="">  </button><button class="k-tag k-tag--base k-tag--warning" style="">  </button><button class="k-tag k-tag--base k-tag--error" style="">  </button><button class="k-tag k-tag--base k-tag--success" style="">  </button>"`;

exports[`Test: KTag > slot: default 1`] = `"<button class="k-tag k-tag--base k-tag--primary" style=""> <span>KTag</span> </button>"`;
