// Vitest Snapshot v1, https://vitest.dev/guide/snapshot.html

exports[`Test: KTooltip > props: placement 1`] = `"<div><div aria-hidden=\\"true\\"><div slot=\\"triggerEl\\" class=\\"mx-2\\">top</div></div> <div class=\\"k-popover--base k-popover--base__bottom k-popover--base__bottom__dark k-popover--base__dark svelte-13arsd0\\" data-popper-placement=\\"\\" aria-hidden=\\"true\\" style=\\"position: fixed; left: 0px; top: 0px; margin: 0px; animation: __svelte_3896445108_0 200ms linear 0ms 1 both;\\"><span slot=\\"contentEl\\">有美一人，清扬婉兮</span> <div k-popover-arrow=\\"true\\" data-popper-arrow-bottom=\\"\\" data-popper-arrow-top=\\"\\" data-popper-arrow-right=\\"\\" data-popper-arrow-left=\\"\\" class=\\"svelte-13arsd0\\"></div></div></div>"`;

exports[`Test: KTooltip > props: trigger 1`] = `"<div><div aria-hidden=\\"true\\"><div slot=\\"triggerEl\\">top</div></div> <div class=\\"k-popover--base k-popover--base__top k-popover--base__top__dark k-popover--base__dark svelte-13arsd0\\" data-popper-placement=\\"\\" aria-hidden=\\"true\\" style=\\"position: fixed; left: 0px; top: 0px; margin: 0px; animation: __svelte_3896445108_0 200ms linear 0ms 1 both;\\"><span slot=\\"contentEl\\">有美一人，清扬婉兮</span> <div k-popover-arrow=\\"true\\" data-popper-arrow-bottom=\\"\\" data-popper-arrow-top=\\"\\" data-popper-arrow-right=\\"\\" data-popper-arrow-left=\\"\\" class=\\"svelte-13arsd0\\"></div></div></div>"`;

exports[`Test: KTooltip > slots: triggerEl & contentEl 1`] = `"<div><div aria-hidden=\\"true\\"><div slot=\\"triggerEl\\">triggerEl</div></div> <div class=\\"k-popover--base k-popover--base__top k-popover--base__top__dark k-popover--base__dark svelte-13arsd0\\" data-popper-placement=\\"\\" aria-hidden=\\"true\\" style=\\"position: fixed; left: 0px; top: 0px; margin: 0px; animation: __svelte_3896445108_0 200ms linear 0ms 1 both;\\"><span slot=\\"contentEl\\">contentEl</span> <div k-popover-arrow=\\"true\\" data-popper-arrow-bottom=\\"\\" data-popper-arrow-top=\\"\\" data-popper-arrow-right=\\"\\" data-popper-arrow-left=\\"\\" class=\\"svelte-13arsd0\\"></div></div></div>"`;
