// Vitest Snapshot v1, https://vitest.dev/guide/snapshot.html

exports[`Test: KPagination > props: cls 1`] = `"<div class=\\"k-pagination-container\\"><ul class=\\"k-pagination k-pagination--test\\" pagesizes=\\"10,20,30,40,50,100\\" pagesizeswidth=\\"100\\"><li class=\\"k-pagination-pager k-pagination-pager__md k-pagination-pager__hover\\" aria-hidden=\\"true\\"><span class=\\"k-icon--base k-icon--base__dark k-icon-transition i-carbon-chevron-left\\" role=\\"\\" aria-hidden=\\"true\\"></span></li> <li class=\\"k-pagination-pager k-pagination-pager__md k-pagination-pager__hover\\" aria-hidden=\\"true\\">1</li>    <li class=\\"k-pagination-pager k-pagination-pager__md k-pagination-pager__active k-pagination-pager__hover\\" aria-hidden=\\"true\\">0</li> <li class=\\"k-pagination-pager k-pagination-pager__md k-pagination-pager__hover\\" aria-hidden=\\"true\\"><span class=\\"k-icon--base k-icon--base__dark k-icon-transition i-carbon-chevron-right\\" role=\\"\\" aria-hidden=\\"true\\"></span></li></ul></div>"`;
