// Vitest Snapshot v1, https://vitest.dev/guide/snapshot.html

exports[`Test: KSelect > props: disabled 1`] = `"<div class=\\"k-select--base k-select--base__dark k-select__hover k-select__focus  \\"> <select class=\\"k-select--inner k-select--inner__dark \\"></select> </div>"`;

exports[`Test: KSelect > props: iconPrefix and iconSuffix 1`] = `"<div class=\\"k-select--base k-select--base__dark k-select__hover k-select__focus  \\"><span class=\\"k-icon--base k-icon--base__dark k-icon-transition i-carbon-logo-svelte k-select--prefix\\" role=\\"\\" aria-hidden=\\"true\\" style=\\"width: 24px; height: 24px;\\"></span> <select class=\\"k-select--inner k-select--inner__dark \\"></select> <span class=\\"k-icon--base k-icon--base__dark k-icon-transition i-carbon-search k-select--suffix\\" role=\\"\\" aria-hidden=\\"true\\" style=\\"width: 24px; height: 24px;\\"></span></div>"`;

exports[`Test: KSelect > props: placeholder 1`] = `"<div class=\\"k-select--base k-select--base__dark k-select__hover k-select__focus  \\"> <select class=\\"k-select--inner k-select--inner__dark \\"><option value=\\"\\" disabled=\\"\\" hidden=\\"\\">绣面芙蓉一笑开 </option></select> </div>"`;

exports[`Test: KSelect > props: value 1`] = `"<div class=\\"k-select--base k-select--base__dark k-select__hover k-select__focus  \\"> <select class=\\"k-select--inner k-select--inner__dark \\"><option value=\\"Tiny\\">Tiny</option><option value=\\"Small\\">Small</option><option value=\\"Normal\\">Normal</option><option value=\\"Large\\">Large</option><option value=\\"Huge\\">Huge</option></select> </div>"`;
